=== AES-256 加密测试 ===

原始数据大小: 1000 字节
密码: @2241114

开始加密...
✓ 加密成功
加密后大小: 1040 字节

开始解密...
✓ 解密成功
解密后大小: 1000 字节

验证数据...
✓ 数据完全匹配

=== 测试完成 ===

按回车键退出...
